[    0.000000] Linux version 4.15.0-212-generic (buildd@lcy02-amd64-083) (gcc version 7.5.0 (Ubuntu 7.5.0-3ubuntu1~18.04)) #223-Ubuntu SMP Tue May 23 13:09:22 UTC 2023 (Ubuntu 4.15.0-212.223-generic 4.15.18)
[    0.000000] Command line: BOOT_IMAGE=/boot/vmlinuz-4.15.0-212-generic root=LABEL=cloudimg-rootfs ro console=tty1 console=ttyS0
[    0.000000] KERNEL supported cpus:
[    0.000000]   Intel GenuineIntel
[    0.000000]   AMD AuthenticAMD
[    0.000000]   Centaur CentaurHauls
[    0.000000] [Firmware Bug]: TSC doesn't count with P0 frequency!
[    0.000000] x86/fpu: x87 FPU will use FXSAVE
[    0.000000] e820: BIOS-provided physical RAM map:
[    0.000000] BIOS-e820: [mem 0x0000000000000000-0x000000000009fbff] usable
[    0.000000] BIOS-e820: [mem 0x000000000009fc00-0x000000000009ffff] reserved
[    0.000000] BIOS-e820: [mem 0x00000000000f0000-0x00000000000fffff] reserved
[    0.000000] BIOS-e820: [mem 0x0000000000100000-0x000000003ffeffff] usable
[    0.000000] BIOS-e820: [mem 0x000000003fff0000-0x000000003fffffff] ACPI data
[    0.000000] BIOS-e820: [mem 0x00000000fec00000-0x00000000fec00fff] reserved
[    0.000000] BIOS-e820: [mem 0x00000000fee00000-0x00000000fee00fff] reserved
[    0.000000] BIOS-e820: [mem 0x00000000fffc0000-0x00000000ffffffff] reserved
[    0.000000] NX (Execute Disable) protection: active
[    0.000000] SMBIOS 2.5 present.
[    0.000000] DMI: innotek GmbH VirtualBox/VirtualBox, BIOS VirtualBox 12/01/2006
[    0.000000] Hypervisor detected: KVM
[    0.000000] e820: last_pfn = 0x3fff0 max_arch_pfn = 0x400000000
[    0.000000] MTRR: Disabled
[    0.000000] x86/PAT: MTRRs disabled, skipping PAT initialization too.
[    0.000000] CPU MTRRs all blank - virtualized system.
[    0.000000] x86/PAT: Configuration [0-7]: WB  WT  UC- UC  WB  WT  UC- UC  
[    0.000000] found SMP MP-table at [mem 0x0009fff0-0x0009ffff]
[    0.000000] Scanning 1 areas for low memory corruption
[    0.000000] RAMDISK: [mem 0x359cb000-0x36cdcfff]
[    0.000000] ACPI: Early table checksum verification disabled
[    0.000000] ACPI: RSDP 0x00000000000E0000 000024 (v02 VBOX  )
[    0.000000] ACPI: XSDT 0x000000003FFF0030 00003C (v01 VBOX   VBOXXSDT 00000001 ASL  00000061)
[    0.000000] ACPI: FACP 0x000000003FFF00F0 0000F4 (v04 VBOX   VBOXFACP 00000001 ASL  00000061)
[    0.000000] ACPI: DSDT 0x000000003FFF0610 002353 (v02 VBOX   VBOXBIOS 00000002 INTL 20100528)
[    0.000000] ACPI: FACS 0x000000003FFF0200 000040
[    0.000000] ACPI: FACS 0x000000003FFF0200 000040
[    0.000000] ACPI: APIC 0x000000003FFF0240 00005C (v02 VBOX   VBOXAPIC 00000001 ASL  00000061)
[    0.000000] ACPI: SSDT 0x000000003FFF02A0 00036C (v01 VBOX   VBOXCPUT 00000002 INTL 20100528)
[    0.000000] ACPI: Reserving FACP table memory at [mem 0x3fff00f0-0x3fff01e3]
[    0.000000] ACPI: Reserving DSDT table memory at [mem 0x3fff0610-0x3fff2962]
[    0.000000] ACPI: Reserving FACS table memory at [mem 0x3fff0200-0x3fff023f]
[    0.000000] ACPI: Reserving FACS table memory at [mem 0x3fff0200-0x3fff023f]
[    0.000000] ACPI: Reserving APIC table memory at [mem 0x3fff0240-0x3fff029b]
[    0.000000] ACPI: Reserving SSDT table memory at [mem 0x3fff02a0-0x3fff060b]
[    0.000000] No NUMA configuration found
[    0.000000] Faking a node at [mem 0x0000000000000000-0x000000003ffeffff]
[    0.000000] NODE_DATA(0) allocated [mem 0x3ffc5000-0x3ffeffff]
[    0.000000] kvm-clock: cpu 0, msr 0:3ff44001, primary cpu clock
[    0.000000] kvm-clock: Using msrs 4b564d01 and 4b564d00
[    0.000000] kvm-clock: using sched offset of 4081900617 cycles
[    0.000000] clocksource: kvm-clock: mask: 0xffffffffffffffff max_cycles: 0x1cd42e4dffb, max_idle_ns: 881590591483 ns
[    0.000000] Zone ranges:
[    0.000000]   DMA      [mem 0x0000000000001000-0x0000000000ffffff]
[    0.000000]   DMA32    [mem 0x0000000001000000-0x000000003ffeffff]
[    0.000000]   Normal   empty
[    0.000000]   Device   empty
[    0.000000] Movable zone start for each node
[    0.000000] Early memory node ranges
[    0.000000]   node   0: [mem 0x0000000000001000-0x000000000009efff]
[    0.000000]   node   0: [mem 0x0000000000100000-0x000000003ffeffff]
[    0.000000] Reserved but unavailable: 104 pages
[    0.000000] Initmem setup node 0 [mem 0x0000000000001000-0x000000003ffeffff]
[    0.000000] ACPI: PM-Timer IO Port: 0x4008
[    0.000000] IOAPIC[0]: apic_id 2, version 32, address 0xfec00000, GSI 0-23
[    0.000000] ACPI: INT_SRC_OVR (bus 0 bus_irq 0 global_irq 2 dfl dfl)
[    0.000000] ACPI: INT_SRC_OVR (bus 0 bus_irq 9 global_irq 9 low level)
[    0.000000] Using ACPI (MADT) for SMP configuration information
[    0.000000] smpboot: Allowing 2 CPUs, 0 hotplug CPUs
[    0.000000] PM: Registered nosave memory: [mem 0x00000000-0x00000fff]
[    0.000000] PM: Registered nosave memory: [mem 0x0009f000-0x0009ffff]
[    0.000000] PM: Registered nosave memory: [mem 0x000a0000-0x000effff]
[    0.000000] PM: Registered nosave memory: [mem 0x000f0000-0x000fffff]
[    0.000000] e820: [mem 0x40000000-0xfebfffff] available for PCI devices
[    0.000000] Booting paravirtualized kernel on KVM
[    0.000000] clocksource: refined-jiffies: mask: 0xffffffff max_cycles: 0xffffffff, max_idle_ns: 7645519600211568 ns
[    0.000000] setup_percpu: NR_CPUS:8192 nr_cpumask_bits:2 nr_cpu_ids:2 nr_node_ids:1
[    0.000000] percpu: Embedded 50 pages/cpu s167936 r8192 d28672 u1048576
[    0.000000] PV qspinlock hash table entries: 256 (order: 0, 4096 bytes)
[    0.000000] Built 1 zonelists, mobility grouping on.  Total pages: 257913
[    0.000000] Policy zone: DMA32
[    0.000000] Kernel command line: BOOT_IMAGE=/boot/vmlinuz-4.15.0-212-generic root=LABEL=cloudimg-rootfs ro console=tty1 console=ttyS0
[    0.000000] Memory: 982644K/1048120K available (12300K kernel code, 2477K rwdata, 4324K rodata, 2480K init, 2720K bss, 65476K reserved, 0K cma-reserved)
[    0.000000] SLUB: HWalign=64, Order=0-3, MinObjects=0, CPUs=2, Nodes=1
[    0.000000] ftrace: allocating 39508 entries in 155 pages
[    0.004000] Hierarchical RCU implementation.
[    0.004000] 	RCU restricting CPUs from NR_CPUS=8192 to nr_cpu_ids=2.
[    0.004000] 	Tasks RCU enabled.
[    0.004000] RCU: Adjusting geometry for rcu_fanout_leaf=16, nr_cpu_ids=2
[    0.004000] NR_IRQS: 524544, nr_irqs: 440, preallocated irqs: 16
[    0.004000] random: crng init done
[    0.004000] Console: colour VGA+ 80x25
[    0.004000] console [tty1] enabled
[    0.004000] console [ttyS0] enabled
[    0.004000] ACPI: Core revision 20170831
[    0.004000] ACPI: 2 ACPI AML tables successfully acquired and loaded
[    0.004000] APIC: Switch to symmetric I/O mode setup
[    0.008000] ..TIMER: vector=0x30 apic1=0 pin1=2 apic2=-1 pin2=-1
[    0.008007] tsc: Detected 2894.478 MHz processor
[    0.012009] Calibrating delay loop (skipped) preset value.. 5788.95 BogoMIPS (lpj=11577912)
[    0.016003] pid_max: default: 32768 minimum: 301
[    0.020092] Security Framework initialized
[    0.024004] Yama: becoming mindful.
[    0.028110] AppArmor: AppArmor initialized
[    0.039358] Dentry cache hash table entries: 131072 (order: 8, 1048576 bytes)
[    0.044202] Inode-cache hash table entries: 65536 (order: 7, 524288 bytes)
[    0.048091] Mount-cache hash table entries: 2048 (order: 2, 16384 bytes)
[    0.052098] Mountpoint-cache hash table entries: 2048 (order: 2, 16384 bytes)
[    0.057704] Last level iTLB entries: 4KB 1024, 2MB 1024, 4MB 512
[    0.060004] Last level dTLB entries: 4KB 2048, 2MB 2048, 4MB 1024, 1GB 0
[    0.064004] Spectre V1 : Mitigation: usercopy/swapgs barriers and __user pointer sanitization
[    0.068005] Spectre V2 : Mitigation: Retpolines
[    0.072002] Spectre V2 : Spectre v2 / SpectreRSB mitigation: Filling RSB on context switch
[    0.076002] Spectre V2 : Spectre v2 / SpectreRSB : Filling RSB on VMEXIT
[    0.080002] RETBleed: Vulnerable
[    0.084174] Freeing SMP alternatives memory: 36K
[    0.204617] APIC calibration not consistent with PM-Timer: 102ms instead of 100ms
[    0.208000] APIC delta adjusted to PM-Timer: 6282490 (6425357)
[    0.208433] smpboot: CPU0: AMD Ryzen 7 4800H with Radeon Graphics (family: 0x17, model: 0x60, stepping: 0x1)
[    0.212552] Performance Events: PMU not available due to virtualization, using software events only.
[    0.216121] Hierarchical SRCU implementation.
[    0.220784] NMI watchdog: Perf event create on CPU 0 failed with -2
[    0.224003] NMI watchdog: Perf NMI watchdog permanently disabled
[    0.228440] smp: Bringing up secondary CPUs ...
[    0.233207] x86: Booting SMP configuration:
[    0.236004] .... node  #0, CPUs:      #1
[    0.004000] kvm-clock: cpu 1, msr 0:3ff44041, secondary cpu clock
[    0.248000] TSC synchronization [CPU#0 -> CPU#1]:
[    0.248000] Measured 51490 cycles TSC warp between CPUs, turning off TSC clock.
[    0.248000] tsc: Marking TSC unstable due to check_tsc_sync_source failed
[    0.252290] smp: Brought up 1 node, 2 CPUs
[    0.256009] smpboot: Max logical packages: 1
[    0.260007] smpboot: Total of 2 processors activated (11577.91 BogoMIPS)
[    0.268187] devtmpfs: initialized
[    0.272540] x86/mm: Memory block size: 128MB
[    0.280468] evm: security.selinux
[    0.284003] evm: security.SMACK64
[    0.288002] evm: security.SMACK64EXEC
[    0.296005] evm: security.SMACK64TRANSMUTE
[    0.300003] evm: security.SMACK64MMAP
[    0.308004] evm: security.apparmor
[    0.312004] evm: security.ima
[    0.316004] evm: security.capability
[    0.324126] clocksource: jiffies: mask: 0xffffffff max_cycles: 0xffffffff, max_idle_ns: 7645041785100000 ns
[    0.336017] futex hash table entries: 512 (order: 3, 32768 bytes)
[    0.344461] pinctrl core: initialized pinctrl subsystem
[    0.352230] RTC time:  7:00:23, date: 09/02/24
[    0.357342] NET: Registered protocol family 16
[    0.364131] audit: initializing netlink subsys (disabled)
[    0.372354] audit: type=2000 audit(1725260428.587:1): state=initialized audit_enabled=0 res=1
[    0.376277] cpuidle: using governor ladder
[    0.380248] cpuidle: using governor menu
[    0.392120] ACPI: bus type PCI registered
[    0.396004] acpiphp: ACPI Hot Plug PCI Controller Driver version: 0.5
[    0.400661] PCI: Using configuration type 1 for base access
[    0.408002] PCI: Using configuration type 1 for extended access
[    0.420228] HugeTLB registered 2.00 MiB page size, pre-allocated 0 pages
[    0.432399] ACPI: Added _OSI(Module Device)
[    0.436009] ACPI: Added _OSI(Processor Device)
[    0.440009] ACPI: Added _OSI(3.0 _SCP Extensions)
[    0.444008] ACPI: Added _OSI(Processor Aggregator Device)
[    0.452008] ACPI: Added _OSI(Linux-Dell-Video)
[    0.456010] ACPI: Added _OSI(Linux-Lenovo-NV-HDMI-Audio)
[    0.460004] ACPI: Added _OSI(Linux-HPI-Hybrid-Graphics)
[    0.468897] ACPI: Executed 1 blocks of module-level executable AML code
[    0.480346] ACPI: Interpreter enabled
[    0.484031] ACPI: (supports S0 S5)
[    0.488009] ACPI: Using IOAPIC for interrupt routing
[    0.492473] PCI: Using host bridge windows from ACPI; if necessary, use "pci=nocrs" and report a bug
[    0.504267] ACPI: Enabled 2 GPEs in block 00 to 07
[    0.520697] ACPI: PCI Root Bridge [PCI0] (domain 0000 [bus 00-ff])
[    0.524010] acpi PNP0A03:00: _OSC: OS supports [ExtendedConfig ASPM ClockPM Segments MSI]
[    0.537021] acpi PNP0A03:00: _OSC: platform does not support [PCIeCapability]
[    0.544758] acpi PNP0A03:00: _OSC: not requesting control; platform does not support [PCIeCapability]
[    0.556010] acpi PNP0A03:00: _OSC: OS requested [PCIeHotplug PME AER PCIeCapability]
[    0.564009] acpi PNP0A03:00: _OSC: platform willing to grant [PCIeHotplug PME AER]
[    0.572010] acpi PNP0A03:00: _OSC failed (AE_SUPPORT); disabling ASPM
[    0.576937] PCI host bridge to bus 0000:00
[    0.584009] pci_bus 0000:00: root bus resource [io  0x0000-0x0cf7 window]
[    0.592011] pci_bus 0000:00: root bus resource [io  0x0d00-0xffff window]
[    0.596010] pci_bus 0000:00: root bus resource [mem 0x000a0000-0x000bffff window]
[    0.608009] pci_bus 0000:00: root bus resource [mem 0x40000000-0xfdffffff window]
[    0.616010] pci_bus 0000:00: root bus resource [bus 00-ff]
[    0.629564] pci 0000:00:01.1: legacy IDE quirk: reg 0x10: [io  0x01f0-0x01f7]
[    0.636004] pci 0000:00:01.1: legacy IDE quirk: reg 0x14: [io  0x03f6]
[    0.644004] pci 0000:00:01.1: legacy IDE quirk: reg 0x18: [io  0x0170-0x0177]
[    0.648004] pci 0000:00:01.1: legacy IDE quirk: reg 0x1c: [io  0x0376]
[    0.678011] pci 0000:00:07.0: quirk: [io  0x4000-0x403f] claimed by PIIX4 ACPI
[    0.684041] pci 0000:00:07.0: quirk: [io  0x4100-0x410f] claimed by PIIX4 SMB
[    0.704935] ACPI: PCI Interrupt Link [LNKA] (IRQs 5 9 10 *11)
[    0.708820] ACPI: PCI Interrupt Link [LNKB] (IRQs 5 9 *10 11)
[    0.716222] ACPI: PCI Interrupt Link [LNKC] (IRQs 5 *9 10 11)
[    0.724215] ACPI: PCI Interrupt Link [LNKD] (IRQs 5 9 10 *11)
[    0.728760] SCSI subsystem initialized
[    0.736345] pci 0000:00:02.0: vgaarb: setting as boot VGA device
[    0.740000] pci 0000:00:02.0: vgaarb: VGA device added: decodes=io+mem,owns=io+mem,locks=none
[    0.748008] pci 0000:00:02.0: vgaarb: bridge control possible
[    0.756003] vgaarb: loaded
[    0.760113] ACPI: bus type USB registered
[    0.764020] usbcore: registered new interface driver usbfs
[    0.772016] usbcore: registered new interface driver hub
[    0.776013] usbcore: registered new device driver usb
[    0.784016] EDAC MC: Ver: 3.0.0
[    0.788478] PCI: Using ACPI for IRQ routing
[    0.792963] NetLabel: Initializing
[    0.796006] NetLabel:  domain hash size = 128
[    0.800004] NetLabel:  protocols = UNLABELED CIPSOv4 CALIPSO
[    0.804022] NetLabel:  unlabeled traffic allowed by default
[    0.812395] clocksource: Switched to clocksource kvm-clock
[    0.867487] VFS: Disk quotas dquot_6.6.0
[    0.872366] VFS: Dquot-cache hash table entries: 512 (order 0, 4096 bytes)
[    0.880235] AppArmor: AppArmor Filesystem Enabled
[    0.885636] pnp: PnP ACPI init
[    0.891055] pnp: PnP ACPI: found 3 devices
[    0.940399] clocksource: acpi_pm: mask: 0xffffff max_cycles: 0xffffff, max_idle_ns: 2085701024 ns
[    0.949456] NET: Registered protocol family 2
[    0.955187] IP idents hash table entries: 16384 (order: 5, 131072 bytes)
[    0.962829] TCP established hash table entries: 8192 (order: 4, 65536 bytes)
[    0.970285] TCP bind hash table entries: 8192 (order: 5, 131072 bytes)
[    0.977311] TCP: Hash tables configured (established 8192 bind 8192)
[    0.984701] UDP hash table entries: 512 (order: 2, 16384 bytes)
[    0.990810] UDP-Lite hash table entries: 512 (order: 2, 16384 bytes)
[    0.997423] NET: Registered protocol family 1
[    1.002337] pci 0000:00:00.0: Limiting direct PCI/PCI transfers
[    1.007986] pci 0000:00:01.0: Activating ISA DMA hang workarounds
[    1.014594] pci 0000:00:02.0: Video device with shadowed ROM at [mem 0x000c0000-0x000dffff]
[    1.023139] Unpacking initramfs...
[    1.150342] Freeing initrd memory: 19528K
[    1.510445] clocksource: tsc: mask: 0xffffffffffffffff max_cycles: 0x29b8e278824, max_idle_ns: 440795239076 ns
[    1.520357] platform rtc_cmos: registered platform RTC device (no PNP device found)
[    1.528111] Scanning for low memory corruption every 60 seconds
[    1.536172] Initialise system trusted keyrings
[    1.541249] Key type blacklist registered
[    1.546686] workingset: timestamp_bits=36 max_order=18 bucket_order=0
[    1.555602] zbud: loaded
[    1.560436] squashfs: version 4.0 (2009/01/31) Phillip Lougher
[    1.567574] fuse init (API version 7.26)
[    1.608315] Key type asymmetric registered
[    1.613322] Asymmetric key parser 'x509' registered
[    1.618638] Block layer SCSI generic (bsg) driver version 0.4 loaded (major 246)
[    1.626753] io scheduler noop registered
[    1.630688] io scheduler deadline registered
[    1.635202] io scheduler cfq registered (default)
[    1.640912] ACPI: AC Adapter [AC] (on-line)
[    1.645593] input: Power Button as /devices/LNXSYSTM:00/LNXPWRBN:00/input/input0
[    1.654163] ACPI: Power Button [PWRF]
[    1.659379] input: Sleep Button as /devices/LNXSYSTM:00/LNXSLPBN:00/input/input1
[    1.667082] ACPI: Sleep Button [SLPF]
[    1.673761] ACPI: Battery Slot [BAT0] (battery present)
[    1.680476] Serial: 8250/16550 driver, 32 ports, IRQ sharing enabled
[    1.717974] 00:02: ttyS0 at I/O 0x3f8 (irq = 4, base_baud = 115200) is a 16550A
[    1.745952] Linux agpgart interface v0.103
[    1.766717] loop: module loaded
[    1.773482] scsi host0: ata_piix
[    1.778973] scsi host1: ata_piix
[    1.783315] ata1: PATA max UDMA/33 cmd 0x1f0 ctl 0x3f6 bmdma 0xd000 irq 14
[    1.790225] ata2: PATA max UDMA/33 cmd 0x170 ctl 0x376 bmdma 0xd008 irq 15
[    1.797499] tun: Universal TUN/TAP device driver, 1.6
[    1.804251] PPP generic driver version 2.4.2
[    1.809709] ehci_hcd: USB 2.0 'Enhanced' Host Controller (EHCI) Driver
[    1.816450] ehci-pci: EHCI PCI platform driver
[    1.821484] ehci-platform: EHCI generic platform driver
[    1.827578] ohci_hcd: USB 1.1 'Open' Host Controller (OHCI) Driver
[    1.834140] ohci-pci: OHCI PCI platform driver
[    1.839247] ohci-platform: OHCI generic platform driver
[    1.844882] uhci_hcd: USB Universal Host Controller Interface driver
[    1.851467] i8042: PNP: PS/2 Controller [PNP0303:PS2K,PNP0f03:PS2M] at 0x60,0x64 irq 1,12
[    1.862971] serio: i8042 KBD port at 0x60,0x64 irq 1
[    1.865093] serio: i8042 AUX port at 0x60,0x64 irq 12
[    1.873531] mousedev: PS/2 mouse device common for all mice
[    1.883119] rtc_cmos rtc_cmos: rtc core: registered rtc_cmos as rtc0
[    1.891288] rtc_cmos rtc_cmos: alarms up to one day, 114 bytes nvram
[    1.891520] input: AT Translated Set 2 keyboard as /devices/platform/i8042/serio0/input/input2
[    1.898880] i2c /dev entries driver
[    1.911806] device-mapper: uevent: version 1.0.3
[    1.917970] device-mapper: ioctl: 4.37.0-ioctl (2017-09-20) initialised: dm-devel@redhat.com
[    1.926567] ledtrig-cpu: registered to indicate activity on CPUs
[    1.936804] NET: Registered protocol family 10
[    1.953608] Segment Routing with IPv6
[    1.988088] NET: Registered protocol family 17
[    1.994356] Key type dns_resolver registered
[    2.019357] mce: Using 0 MCE banks
[    2.023355] RAS: Correctable Errors collector initialized.
[    2.029405] sched_clock: Marking stable (2029338404, 0)->(2722540131, -693201727)
[    2.040228] registered taskstats version 1
[    2.044298] Loading compiled-in X.509 certificates
[    2.052662] Loaded X.509 cert 'Build time autogenerated kernel key: b5b26778eaa3ab3a4a6cee031137706e947d12ad'
[    2.061850] Loaded X.509 cert 'Canonical Ltd. Live Patch Signing: 14df34d1a87cf37625abec039ef2bf521249b969'
[    2.071491] Loaded X.509 cert 'Canonical Ltd. Kernel Module Signing: 88f752e560a1e0737e31163a466ad7b70a850c19'
[    2.081010] blacklist: Loading compiled-in revocation X.509 certificates
[    2.087526] Loaded X.509 cert 'Canonical Ltd. Secure Boot Signing: 61482aa2830d0ab2ad5af10b7250da9033ddcef0'
[    2.097059] Loaded X.509 cert 'Canonical Ltd. Secure Boot Signing (2017): 242ade75ac4a15e50d50c84b0d45ff3eae707a03'
[    2.106017] Loaded X.509 cert 'Canonical Ltd. Secure Boot Signing (ESM 2018): 365188c1d374d6b07c3c8f240f8ef722433d6a8b'
[    2.116355] Loaded X.509 cert 'Canonical Ltd. Secure Boot Signing (2019): c0746fd6c5da3ae827864651ad66ae47fe24b3e8'
[    2.125735] Loaded X.509 cert 'Canonical Ltd. Secure Boot Signing (2021 v1): a8d54bbb3825cfb94fa13c9f8a594a195c107b8d'
[    2.135260] Loaded X.509 cert 'Canonical Ltd. Secure Boot Signing (2021 v2): 4cf046892d6fd3c9a5b03f98d845f90851dc6a8c'
[    2.144933] Loaded X.509 cert 'Canonical Ltd. Secure Boot Signing (2021 v3): 100437bb6de6e469b581e61cd66bce3ef4ed53af'
[    2.155009] Loaded X.509 cert 'Canonical Ltd. Secure Boot Signing (Ubuntu Core 2019): c1d57b8f6b743f23ee41f4f7ee292f06eecadfb9'
[    2.165676] zswap: loaded using pool lzo/zbud
[    2.181449] Key type big_key registered
[    2.185845] Key type trusted registered
[    2.194657] Key type encrypted registered
[    2.199358] AppArmor: AppArmor sha1 policy hashing enabled
[    2.205285] ima: No TPM chip found, activating TPM-bypass! (rc=-19)
[    2.211497] ima: Allocated hash algorithm: sha1
[    2.216732] evm: HMAC attrs: 0x1
[    2.221203]   Magic number: 8:868:14
[    2.226008] rtc_cmos rtc_cmos: setting system clock to 2024-09-02 07:00:25 UTC (1725260425)
[    2.234842] BIOS EDD facility v0.16 2004-Jun-25, 0 devices found
[    2.241588] EDD information not available.
[    2.249600] Freeing unused kernel image memory: 2480K
[    2.268519] Write protecting the kernel read-only data: 20480k
[    2.277013] Freeing unused kernel image memory: 2008K
[    2.282418] Freeing unused kernel image memory: 1820K
[    2.293311] x86/mm: Checked W+X mappings: passed, no W+X pages found.
Loading, please wait...
starting version 237
[    2.379150] e1000: Intel(R) PRO/1000 Network Driver - version 7.3.21-k8-NAPI
[    2.387650] e1000: Copyright (c) 1999-2006 Intel Corporation.
[    2.402658] Fusion MPT base driver 3.04.20
[    2.408468] Copyright (c) 1999-2008 LSI Corporation
[    2.446163] SSE version of gcm_enc/dec engaged.
[    2.454044] Fusion MPT SPI Host driver 3.04.20
[    2.670801] input: ImExPS/2 Generic Explorer Mouse as /devices/platform/i8042/serio1/input/input4
[    3.277153] e1000 0000:00:03.0 eth0: (PCI:33MHz:32-bit) 02:3b:7b:b7:3b:2d
[    3.284222] e1000 0000:00:03.0 eth0: Intel(R) PRO/1000 Network Connection
[    3.940645] e1000 0000:00:08.0 eth1: (PCI:33MHz:32-bit) 08:00:27:a5:ae:f7
[    3.947457] e1000 0000:00:08.0 eth1: Intel(R) PRO/1000 Network Connection
[    3.958103] e1000 0000:00:03.0 enp0s3: renamed from eth0
[    3.964503] mptbase: ioc0: Initiating bringup
[    3.977413] e1000 0000:00:08.0 enp0s8: renamed from eth1
[    4.195000] ioc0: LSI53C1030 A0: Capabilities={Initiator}
[    4.476014] scsi host2: ioc0: LSI53C1030 A0, FwRev=00000000h, Ports=1, MaxQ=256, IRQ=20
[    4.654278] scsi 2:0:0:0: Direct-Access     VBOX     HARDDISK         1.0  PQ: 0 ANSI: 5
[    4.688172] scsi target2:0:0: Beginning Domain Validation
[    4.701636] scsi target2:0:0: Domain Validation skipping write tests
[    4.707567] scsi target2:0:0: Ending Domain Validation
[    4.712979] scsi target2:0:0: asynchronous
[    4.719913] scsi 2:0:1:0: Direct-Access     VBOX     HARDDISK         1.0  PQ: 0 ANSI: 5
[    4.888240] scsi target2:0:1: Beginning Domain Validation
[    4.901868] scsi target2:0:1: Domain Validation skipping write tests
[    4.907877] scsi target2:0:1: Ending Domain Validation
[    4.913424] scsi target2:0:1: asynchronous
[    4.928796] sd 2:0:0:0: Attached scsi generic sg0 type 0
[    4.935496] sd 2:0:0:0: [sda] 83886080 512-byte logical blocks: (42.9 GB/40.0 GiB)
[    4.936826] sd 2:0:1:0: [sdb] 20480 512-byte logical blocks: (10.5 MB/10.0 MiB)
[    4.943977] sd 2:0:1:0: Attached scsi generic sg1 type 0
[    4.952847] sd 2:0:1:0: [sdb] Write Protect is off
[    4.958225] sd 2:0:0:0: [sda] Write Protect is off
[    4.964016] sd 2:0:1:0: [sdb] Incomplete mode parameter data
[    4.974157] sd 2:0:1:0: [sdb] Assuming drive cache: write through
[    4.981459] sd 2:0:0:0: [sda] Incomplete mode parameter data
[    4.987408] sd 2:0:0:0: [sda] Assuming drive cache: write through
[    5.001115]  sda: sda1
[    5.001409] sd 2:0:1:0: [sdb] Attached SCSI disk
[    5.013033] sd 2:0:0:0: [sda] Attached SCSI disk
Begin: Loading essential drivers ... 